-------------------------------------------------------------------------------
      name:  <unnamed>
       log:  E:\analyses\hydroxychloroquine-research/output/sens2/log\08_an_mod
> el_checks.log
  log type:  text
 opened on:  15 Jul 2020, 10:03:49

. 
. * Open Stata dataset
. use $Tempdir\analysis_dataset_STSET_$outcome, clear

. 
. * Exposure labels 
. local lab1: label exposure 1

. 
. /* Quietly run models, perform test and store results in local macro=========
> =*/
. 
. qui stcox i.exposure 

. estat phtest, detail

      Test of proportional-hazards assumption

      Time:  Time
      ----------------------------------------------------------------
                  |       rho            chi2       df       Prob>chi2
      ------------+---------------------------------------------------
      0b.exposure |            .            .        1             .
      1.exposure  |      0.03266         1.43        1         0.2323
      ------------+---------------------------------------------------
      global test |                      1.43        1         0.2323
      ----------------------------------------------------------------

. local univar_p1 = round(r(phtest)[2,4],0.001)

. 
. di `univar_p1'
.232

.  
. estat phtest, plot(1.exposure) ///
>                           graphregion(fcolor(white)) ///
>                           ylabel(, nogrid labsize(small)) ///
>                           xlabel(, labsize(small)) ///
>                           xtitle("Time", size(small)) ///
>                           ytitle("Scaled Shoenfeld Residuals", size(small)) /
> //
>                           msize(small) ///
>                           mcolor(gs6) ///
>                           msymbol(circle_hollow) ///
>                           scheme(s1mono) ///
>                           title ("Schoenfeld residuals against time, Univaria
> ble `lab1'", position(11) size(medsmall)) 

. 
. graph export "$Tabfigdir/schoenplot1a.svg", as(svg) replace
(note: file E:\analyses\hydroxychloroquine-research/output/sens2/tabfig/schoenp
> lot1a.svg not found)
(file E:\analyses\hydroxychloroquine-research/output/sens2/tabfig/schoenplot1a.
> svg written in SVG format)

. 
. * Close window 
. graph close  

.                           
. stcox i.exposure i.male age1 age2 age3 

         failure _d:  firstpos_sgss
   analysis time _t:  (stime_firstpos_sgss-origin)
             origin:  time enter_date
  enter on or after:  time enter_date
                 id:  patient_id

Iteration 0:   log likelihood = -16269.383
Iteration 1:   log likelihood =  -16175.04
Iteration 2:   log likelihood =   -16033.3
Iteration 3:   log likelihood = -16027.877
Iteration 4:   log likelihood = -16027.861
Iteration 5:   log likelihood = -16027.861
Refining estimates:
Iteration 0:   log likelihood = -16027.861

Cox regression -- Breslow method for ties

No. of subjects =      194,236                  Number of obs    =     194,236
No. of failures =        1,338
Time at risk    =     24574010
                                                LR chi2(5)       =      483.04
Log likelihood  =   -16027.861                  Prob > chi2      =      0.0000

------------------------------------------------------------------------------
          _t | Haz. Ratio   Std. Err.      z    P>|z|     [95% Conf. Interval]
-------------+----------------------------------------------------------------
    exposure |
        HCQ  |   .9373163   .0767394    -0.79   0.429      .798357    1.100462
      1.male |   1.222607   .0711593     3.45   0.001     1.090799    1.370343
        age1 |   1.000367   .0076102     0.05   0.962     .9855622    1.015395
        age2 |   1.016745   .0153658     1.10   0.272     .9870701    1.047312
        age3 |   1.118955   .0787213     1.60   0.110     .9748287    1.284389
------------------------------------------------------------------------------

. estat phtest, detail

      Test of proportional-hazards assumption

      Time:  Time
      ----------------------------------------------------------------
                  |       rho            chi2       df       Prob>chi2
      ------------+---------------------------------------------------
      0b.exposure |            .            .        1             .
      1.exposure  |      0.02990         1.19        1         0.2758
      0b.male     |            .            .        1             .
      1.male      |     -0.04284         2.44        1         0.1182
      age1        |     -0.03623         1.56        1         0.2118
      age2        |     -0.02664         0.89        1         0.3448
      age3        |      0.05427         3.75        1         0.0528
      ------------+---------------------------------------------------
      global test |                     31.31        5         0.0000
      ----------------------------------------------------------------

. local multivar1_p1 = round(r(phtest)[2,4],0.001)

.  
. estat phtest, plot(1.exposure) ///
>                           graphregion(fcolor(white)) ///
>                           ylabel(, nogrid labsize(small)) ///
>                           xlabel(, labsize(small)) ///
>                           xtitle("Time", size(small)) ///
>                           ytitle("Scaled Shoenfeld Residuals", size(small)) /
> //
>                           msize(small) ///
>                           mcolor(gs6) ///
>                           msymbol(circle_hollow) ///
>                           scheme(s1mono) ///
>                           title ("Schoenfeld residuals against time, Age/Sex 
> Adjusted `lab1'", position(11) size(medsmall))                       

. 
. graph export "$Tabfigdir/schoenplot2a.svg", as(svg) replace
(note: file E:\analyses\hydroxychloroquine-research/output/sens2/tabfig/schoenp
> lot2a.svg not found)
(file E:\analyses\hydroxychloroquine-research/output/sens2/tabfig/schoenplot2a.
> svg written in SVG format)

. 
. * Close window 
. graph close

.                   
. stcox i.exposure i.male age1 age2 age3 i.dmard_pc i.oral_prednisolone, strata
> (stp)

         failure _d:  firstpos_sgss
   analysis time _t:  (stime_firstpos_sgss-origin)
             origin:  time enter_date
  enter on or after:  time enter_date
                 id:  patient_id

Iteration 0:   log likelihood = -11993.384
Iteration 1:   log likelihood = -11847.676
Iteration 2:   log likelihood = -11687.686
Iteration 3:   log likelihood = -11682.119
Iteration 4:   log likelihood = -11682.104
Iteration 5:   log likelihood = -11682.104
Refining estimates:
Iteration 0:   log likelihood = -11682.104

Stratified Cox regr. -- Breslow method for ties

No. of subjects =      194,236                  Number of obs    =     194,236
No. of failures =        1,338
Time at risk    =     24574010
                                                LR chi2(7)       =      622.56
Log likelihood  =   -11682.104                  Prob > chi2      =      0.0000

------------------------------------------------------------------------------
          _t | Haz. Ratio   Std. Err.      z    P>|z|     [95% Conf. Interval]
-------------+----------------------------------------------------------------
    exposure |
        HCQ  |   .8840351   .0731479    -1.49   0.136     .7516894    1.039682
      1.male |   1.238955   .0721924     3.68   0.000     1.105241    1.388845
        age1 |   1.001727   .0076544     0.23   0.821     .9868366    1.016843
        age2 |   1.010744    .015349     0.70   0.482     .9811038    1.041279
        age3 |   1.155543   .0818752     2.04   0.041     1.005715    1.327693
  1.dmard_pc |   .9877547   .0575305    -0.21   0.832      .881195      1.1072
1.oral_pr~ne |   1.948781   .1167859    11.13   0.000     1.732817    2.191662
------------------------------------------------------------------------------
                                                             Stratified by stp

. estat phtest, detail

      Test of proportional-hazards assumption

      Time:  Time
      ----------------------------------------------------------------
                  |       rho            chi2       df       Prob>chi2
      ------------+---------------------------------------------------
      0b.exposure |            .            .        1             .
      1.exposure  |      0.02515         0.85        1         0.3576
      0b.male     |            .            .        1             .
      1.male      |     -0.04251         2.40        1         0.1217
      age1        |     -0.03463         1.44        1         0.2306
      age2        |     -0.02643         0.88        1         0.3473
      age3        |      0.05449         3.81        1         0.0511
      0b.dmard_pc |            .            .        1             .
      1.dmard_pc  |      0.00577         0.05        1         0.8313
      0b.oral_p~ne|            .            .        1             .
      1.oral_pr~ne|     -0.07085         6.71        1         0.0096
      ------------+---------------------------------------------------
      global test |                     38.16        7         0.0000
      ----------------------------------------------------------------

. local multivar2_p1 = round(r(phtest)[2,4],0.001)

.  
. estat phtest, plot(1.exposure) ///
>                           graphregion(fcolor(white)) ///
>                           ylabel(, nogrid labsize(small)) ///
>                           xlabel(, labsize(small)) ///
>                           xtitle("Time", size(small)) ///
>                           ytitle("Scaled Shoenfeld Residuals", size(small)) /
> //
>                           msize(small) ///
>                           mcolor(gs6) ///
>                           msymbol(circle_hollow) ///
>                           scheme(s1mono) /// 
>                           title ("Schoenfeld residuals against time, DAG Adju
> sted `lab1'", position(11) size(medsmall))                   

.                           
. graph export "$Tabfigdir/schoenplot3a.svg", as(svg) replace
(note: file E:\analyses\hydroxychloroquine-research/output/sens2/tabfig/schoenp
> lot3a.svg not found)
(file E:\analyses\hydroxychloroquine-research/output/sens2/tabfig/schoenplot3a.
> svg written in SVG format)

. 
. * Close window 
. graph close

. 
. stcox i.exposure i.male age1 age2 age3 i.dmard_pc i.oral_prednisolone i.nsaid
> s i.chronic_cardiac_disease i.resp_excl_asthma i.egfr_cat_nomiss i.chronic_li
> ver_disease i.obese4cat i.hypertension i.cancer_ever i.neuro_conditions, stra
> ta(stp)

         failure _d:  firstpos_sgss
   analysis time _t:  (stime_firstpos_sgss-origin)
             origin:  time enter_date
  enter on or after:  time enter_date
                 id:  patient_id

Iteration 0:   log likelihood = -11993.384
Iteration 1:   log likelihood = -11640.809
Iteration 2:   log likelihood = -11605.024
Iteration 3:   log likelihood = -11604.884
Iteration 4:   log likelihood = -11604.884
Refining estimates:
Iteration 0:   log likelihood = -11604.884

Stratified Cox regr. -- Breslow method for ties

No. of subjects =      194,236                  Number of obs    =     194,236
No. of failures =        1,338
Time at risk    =     24574010
                                                LR chi2(19)      =      777.00
Log likelihood  =   -11604.884                  Prob > chi2      =      0.0000

------------------------------------------------------------------------------
          _t | Haz. Ratio   Std. Err.      z    P>|z|     [95% Conf. Interval]
-------------+----------------------------------------------------------------
    exposure |
        HCQ  |   .8757294   .0725117    -1.60   0.109      .744542    1.030032
      1.male |   1.195283   .0706622     3.02   0.003      1.06451    1.342121
        age1 |   .9975294   .0076711    -0.32   0.748     .9826071    1.012678
        age2 |   1.005099   .0154718     0.33   0.741     .9752275    1.035885
        age3 |   1.181519   .0847973     2.32   0.020      1.02648    1.359976
  1.dmard_pc |   1.039727   .0609689     0.66   0.506     .9268418    1.166362
1.oral_pr~ne |   1.801517   .1116185     9.50   0.000      1.59551    2.034123
    1.nsaids |    .997245   .0844534    -0.03   0.974      .844727    1.177301
1.~c_disease |    1.29301    .085309     3.89   0.000     1.136166    1.471504
1.resp_exc~a |   1.155552   .0818624     2.04   0.041     1.005746    1.327672
             |
egfr_cat_n~s |
      30-59  |   1.124512   .0830428     1.59   0.112     .9729819    1.299642
        <30  |   2.411783   .3381148     6.28   0.000     1.832339    3.174466
             |
1.~r_disease |     1.1164    .240632     0.51   0.609     .7317271    1.703296
             |
   obese4cat |
Obese I ..)  |   1.243744   .0885765     3.06   0.002     1.081709    1.430051
Obese II..)  |   1.393542   .1409694     3.28   0.001     1.142914    1.699131
Obese II..)  |   1.645806   .2195651     3.73   0.000     1.267129    2.137649
             |
1.hyperten~n |   1.071734   .0670493     1.11   0.268     .9480569    1.211544
1.cancer_e~r |   1.152994    .090286     1.82   0.069     .9889467    1.344252
1.neuro_co~s |   1.757663   .1370855     7.23   0.000     1.508509    2.047969
------------------------------------------------------------------------------
                                                             Stratified by stp

. estat phtest, detail

      Test of proportional-hazards assumption

      Time:  Time
      ----------------------------------------------------------------
                  |       rho            chi2       df       Prob>chi2
      ------------+---------------------------------------------------
      0b.exposure |            .            .        1             .
      1.exposure  |      0.02483         0.82        1         0.3641
      0b.male     |            .            .        1             .
      1.male      |     -0.03826         1.94        1         0.1641
      age1        |     -0.03604         1.55        1         0.2138
      age2        |     -0.02061         0.53        1         0.4662
      age3        |      0.04793         2.92        1         0.0873
      0b.dmard_pc |            .            .        1             .
      1.dmard_pc  |      0.00543         0.04        1         0.8421
      0b.oral_p~ne|            .            .        1             .
      1.oral_pr~ne|     -0.06191         5.23        1         0.0223
      0b.nsaids   |            .            .        1             .
      1.nsaids    |      0.00446         0.03        1         0.8714
      0b.chronic..|            .            .        1             .
      1.~c_disease|      0.05116         3.60        1         0.0578
      0b.resp_ex~a|            .            .        1             .
      1.resp_exc~a|     -0.03649         1.78        1         0.1823
      1b.egfr_ca~s|            .            .        1             .
      2.egfr_cat~s|     -0.01943         0.52        1         0.4709
      3.egfr_cat~s|     -0.01348         0.26        1         0.6123
      0b.chronic..|            .            .        1             .
      1.~r_disease|      0.03591         1.73        1         0.1888
      1b.obese4cat|            .            .        1             .
      2.obese4cat |     -0.04802         3.08        1         0.0794
      3.obese4cat |      0.06099         5.00        1         0.0254
      4.obese4cat |      0.00880         0.10        1         0.7477
      0b.hyperte~n|            .            .        1             .
      1.hyperten~n|     -0.00952         0.13        1         0.7223
      0b.cancer_~r|            .            .        1             .
      1.cancer_e~r|     -0.05400         3.98        1         0.0461
      0b.neuro_c~s|            .            .        1             .
      1.neuro_co~s|      0.03116         1.30        1         0.2550
      ------------+---------------------------------------------------
      global test |                     60.88       19         0.0000
      ----------------------------------------------------------------

. local multivar3_p1 = round(r(phtest)[2,4],0.001)

.  
. estat phtest, plot(1.exposure) ///
>                           graphregion(fcolor(white)) ///
>                           ylabel(, nogrid labsize(small)) ///
>                           xlabel(, labsize(small)) ///
>                           xtitle("Time", size(small)) ///
>                           ytitle("Scaled Shoenfeld Residuals", size(small)) /
> //
>                           msize(small) ///
>                           mcolor(gs6) ///
>                           msymbol(circle_hollow) ///
>                           scheme(s1mono) /// 
>                           title ("Schoenfeld residuals against time, Fully Ad
> justed `lab1'", position(11) size(medsmall))                 

.                           
. graph export "$Tabfigdir/schoenplot4a.svg", as(svg) replace
(note: file E:\analyses\hydroxychloroquine-research/output/sens2/tabfig/schoenp
> lot4a.svg not found)
(file E:\analyses\hydroxychloroquine-research/output/sens2/tabfig/schoenplot4a.
> svg written in SVG format)

. 
. * Close window 
. graph close

. 
. * Print table of results=====================================================
> =*/        
. 
. 
. cap file close tablecontent

. file open tablecontent using $Tabfigdir/table4.txt, write text replace
(note: file E:\analyses\hydroxychloroquine-research/output/sens2/tabfig/table4.
> txt not found)

. 
. * Column headings 
. file write tablecontent ("Table 4: Testing the PH assumption for $tableoutcom
> e") _n

. file write tablecontent _tab ("Univariable") _tab ("Age/Sex Adjusted") _tab /
> //
>                                                 ("DAG Adjusted") _tab ("Fully
>  Adjusted") _tab _n

.                                                 
. file write tablecontent _tab ("p-value") _tab ("p-value") _tab ("p-value") _t
> ab ("p-value") _tab _n

. 
. * Row heading and content  
. file write tablecontent ("`lab1'") _tab

. file write tablecontent ("`univar_p1'") _tab ("`multivar1_p1'") _tab ("`multi
> var2_p1'") _tab ("`multivar3_p1'") _n

. 
. file write tablecontent _n

. file close tablecontent

. 
. 
. * Close log file 
. log close
      name:  <unnamed>
       log:  E:\analyses\hydroxychloroquine-research/output/sens2/log\08_an_mod
> el_checks.log
  log type:  text
 closed on:  15 Jul 2020, 10:05:24
-------------------------------------------------------------------------------
