-------------------------------------------------------------------------------
      name:  <unnamed>
       log:  E:\analyses\hydroxychloroquine-research/output/log\08_an_model_che
> cks.log
  log type:  text
 opened on:  15 Jul 2020, 09:41:04

. 
. * Open Stata dataset
. use $Tempdir\analysis_dataset_STSET_$outcome, clear

. 
. * Exposure labels 
. local lab1: label exposure 1

. 
. /* Quietly run models, perform test and store results in local macro=========
> =*/
. 
. qui stcox i.exposure 

. estat phtest, detail

      Test of proportional-hazards assumption

      Time:  Time
      ----------------------------------------------------------------
                  |       rho            chi2       df       Prob>chi2
      ------------+---------------------------------------------------
      0b.exposure |            .            .        1             .
      1.exposure  |     -0.01964         0.21        1         0.6505
      ------------+---------------------------------------------------
      global test |                      0.21        1         0.6505
      ----------------------------------------------------------------

. local univar_p1 = round(r(phtest)[2,4],0.001)

. 
. di `univar_p1'
.651

.  
. estat phtest, plot(1.exposure) ///
>                           graphregion(fcolor(white)) ///
>                           ylabel(, nogrid labsize(small)) ///
>                           xlabel(, labsize(small)) ///
>                           xtitle("Time", size(small)) ///
>                           ytitle("Scaled Shoenfeld Residuals", size(small)) /
> //
>                           msize(small) ///
>                           mcolor(gs6) ///
>                           msymbol(circle_hollow) ///
>                           scheme(s1mono) ///
>                           title ("Schoenfeld residuals against time, Univaria
> ble `lab1'", position(11) size(medsmall)) 

. 
. graph export "$Tabfigdir/schoenplot1a.svg", as(svg) replace
(note: file E:\analyses\hydroxychloroquine-research/output/tabfig/schoenplot1a.
> svg not found)
(file E:\analyses\hydroxychloroquine-research/output/tabfig/schoenplot1a.svg wr
> itten in SVG format)

. 
. * Close window 
. graph close  

.                           
. stcox i.exposure i.male age1 age2 age3 

         failure _d:  onscoviddeath
   analysis time _t:  (stime_onscoviddeath-origin)
             origin:  time enter_date
  enter on or after:  time enter_date
                 id:  patient_id

Iteration 0:   log likelihood = -6469.8829
Iteration 1:   log likelihood = -6467.5364
Iteration 2:   log likelihood = -6142.5303
Iteration 3:   log likelihood = -6122.3086
Iteration 4:   log likelihood =  -6121.621
Iteration 5:   log likelihood = -6121.6168
Iteration 6:   log likelihood = -6121.6168
Refining estimates:
Iteration 0:   log likelihood = -6121.6168

Cox regression -- Breslow method for ties

No. of subjects =      194,236                  Number of obs    =     194,236
No. of failures =          532
Time at risk    =     21616600
                                                LR chi2(5)       =      696.53
Log likelihood  =   -6121.6168                  Prob > chi2      =      0.0000

------------------------------------------------------------------------------
          _t | Haz. Ratio   Std. Err.      z    P>|z|     [95% Conf. Interval]
-------------+----------------------------------------------------------------
    exposure |
        HCQ  |   1.062885   .1399065     0.46   0.643       .82119    1.375718
      1.male |   1.434078   .1288572     4.01   0.000     1.202511    1.710237
        age1 |   1.060299   .0408327     1.52   0.128     .9832139    1.143427
        age2 |   1.076918   .0595443     1.34   0.180     .9663148    1.200181
        age3 |   .7286734   .1520736    -1.52   0.129     .4840473    1.096928
------------------------------------------------------------------------------

. estat phtest, detail

      Test of proportional-hazards assumption

      Time:  Time
      ----------------------------------------------------------------
                  |       rho            chi2       df       Prob>chi2
      ------------+---------------------------------------------------
      0b.exposure |            .            .        1             .
      1.exposure  |     -0.00782         0.03        1         0.8571
      0b.male     |            .            .        1             .
      1.male      |     -0.08917         4.23        1         0.0397
      age1        |     -0.00657         0.01        1         0.9137
      age2        |     -0.00694         0.02        1         0.9020
      age3        |      0.02310         0.19        1         0.6639
      ------------+---------------------------------------------------
      global test |                     11.90        5         0.0361
      ----------------------------------------------------------------

. local multivar1_p1 = round(r(phtest)[2,4],0.001)

.  
. estat phtest, plot(1.exposure) ///
>                           graphregion(fcolor(white)) ///
>                           ylabel(, nogrid labsize(small)) ///
>                           xlabel(, labsize(small)) ///
>                           xtitle("Time", size(small)) ///
>                           ytitle("Scaled Shoenfeld Residuals", size(small)) /
> //
>                           msize(small) ///
>                           mcolor(gs6) ///
>                           msymbol(circle_hollow) ///
>                           scheme(s1mono) ///
>                           title ("Schoenfeld residuals against time, Age/Sex 
> Adjusted `lab1'", position(11) size(medsmall))                       

. 
. graph export "$Tabfigdir/schoenplot2a.svg", as(svg) replace
(note: file E:\analyses\hydroxychloroquine-research/output/tabfig/schoenplot2a.
> svg not found)
(file E:\analyses\hydroxychloroquine-research/output/tabfig/schoenplot2a.svg wr
> itten in SVG format)

. 
. * Close window 
. graph close

.                   
. stcox i.exposure i.male age1 age2 age3 i.dmard_pc i.oral_prednisolone, strata
> (stp)

         failure _d:  onscoviddeath
   analysis time _t:  (stime_onscoviddeath-origin)
             origin:  time enter_date
  enter on or after:  time enter_date
                 id:  patient_id

Iteration 0:   log likelihood = -4767.5032
Iteration 1:   log likelihood = -4706.0426
Iteration 2:   log likelihood = -4381.3121
Iteration 3:   log likelihood = -4364.9569
Iteration 4:   log likelihood = -4364.3839
Iteration 5:   log likelihood = -4364.3814
Iteration 6:   log likelihood = -4364.3814
Refining estimates:
Iteration 0:   log likelihood = -4364.3814

Stratified Cox regr. -- Breslow method for ties

No. of subjects =      194,236                  Number of obs    =     194,236
No. of failures =          532
Time at risk    =     21616600
                                                LR chi2(7)       =      806.24
Log likelihood  =   -4364.3814                  Prob > chi2      =      0.0000

------------------------------------------------------------------------------
          _t | Haz. Ratio   Std. Err.      z    P>|z|     [95% Conf. Interval]
-------------+----------------------------------------------------------------
    exposure |
        HCQ  |   .9953283   .1320282    -0.04   0.972      .767461    1.290852
      1.male |   1.444127   .1299295     4.08   0.000     1.210659    1.722617
        age1 |   1.065231   .0415057     1.62   0.105     .9869101    1.149768
        age2 |   1.062363   .0592983     1.08   0.278     .9522727    1.185182
        age3 |   .7754234   .1632706    -1.21   0.227     .5132307    1.171562
  1.dmard_pc |   .9533099   .0878103    -0.52   0.604     .7958461    1.141929
1.oral_pr~ne |   2.509965    .224715    10.28   0.000     2.106009    2.991403
------------------------------------------------------------------------------
                                                             Stratified by stp

. estat phtest, detail

      Test of proportional-hazards assumption

      Time:  Time
      ----------------------------------------------------------------
                  |       rho            chi2       df       Prob>chi2
      ------------+---------------------------------------------------
      0b.exposure |            .            .        1             .
      1.exposure  |     -0.00842         0.04        1         0.8445
      0b.male     |            .            .        1             .
      1.male      |     -0.08990         4.29        1         0.0384
      age1        |     -0.00471         0.01        1         0.9374
      age2        |     -0.00826         0.02        1         0.8828
      age3        |      0.02395         0.20        1         0.6509
      0b.dmard_pc |            .            .        1             .
      1.dmard_pc  |     -0.04791         1.24        1         0.2652
      0b.oral_p~ne|            .            .        1             .
      1.oral_pr~ne|     -0.04690         1.18        1         0.2780
      ------------+---------------------------------------------------
      global test |                     15.26        7         0.0328
      ----------------------------------------------------------------

. local multivar2_p1 = round(r(phtest)[2,4],0.001)

.  
. estat phtest, plot(1.exposure) ///
>                           graphregion(fcolor(white)) ///
>                           ylabel(, nogrid labsize(small)) ///
>                           xlabel(, labsize(small)) ///
>                           xtitle("Time", size(small)) ///
>                           ytitle("Scaled Shoenfeld Residuals", size(small)) /
> //
>                           msize(small) ///
>                           mcolor(gs6) ///
>                           msymbol(circle_hollow) ///
>                           scheme(s1mono) /// 
>                           title ("Schoenfeld residuals against time, DAG Adju
> sted `lab1'", position(11) size(medsmall))                   

.                           
. graph export "$Tabfigdir/schoenplot3a.svg", as(svg) replace
(note: file E:\analyses\hydroxychloroquine-research/output/tabfig/schoenplot3a.
> svg not found)
(file E:\analyses\hydroxychloroquine-research/output/tabfig/schoenplot3a.svg wr
> itten in SVG format)

. 
. * Close window 
. graph close

. 
. stcox i.exposure i.male age1 age2 age3 i.dmard_pc i.oral_prednisolone i.nsaid
> s i.chronic_cardiac_disease i.resp_excl_asthma i.egfr_cat_nomiss i.chronic_li
> ver_disease i.obese4cat i.hypertension i.cancer_ever i.neuro_conditions, stra
> ta(stp)

         failure _d:  onscoviddeath
   analysis time _t:  (stime_onscoviddeath-origin)
             origin:  time enter_date
  enter on or after:  time enter_date
                 id:  patient_id

Iteration 0:   log likelihood = -4767.5032
Iteration 1:   log likelihood = -4398.0989
Iteration 2:   log likelihood = -4323.3289
Iteration 3:   log likelihood = -4318.0179
Iteration 4:   log likelihood =  -4317.319
Iteration 5:   log likelihood = -4317.2714
Iteration 6:   log likelihood =  -4317.271
Iteration 7:   log likelihood =  -4317.271
Refining estimates:
Iteration 0:   log likelihood =  -4317.271

Stratified Cox regr. -- Breslow method for ties

No. of subjects =      194,236                  Number of obs    =     194,236
No. of failures =          532
Time at risk    =     21616600
                                                LR chi2(19)      =      900.46
Log likelihood  =    -4317.271                  Prob > chi2      =      0.0000

------------------------------------------------------------------------------
          _t | Haz. Ratio   Std. Err.      z    P>|z|     [95% Conf. Interval]
-------------+----------------------------------------------------------------
    exposure |
        HCQ  |   .9896701   .1313419    -0.08   0.938      .763001    1.283677
      1.male |    1.32183   .1210206     3.05   0.002     1.104698     1.58164
        age1 |   1.063654   .0418947     1.57   0.117     .9846318    1.149019
        age2 |   1.043812   .0589192     0.76   0.447     .9344911    1.165922
        age3 |   .8379337   .1783274    -0.83   0.406      .552152     1.27163
  1.dmard_pc |    1.03278   .0958299     0.35   0.728     .8610457    1.238766
1.oral_pr~ne |   2.207865   .2048592     8.54   0.000     1.840742    2.648209
    1.nsaids |   .8718487    .143645    -0.83   0.405     .6312449     1.20416
1.~c_disease |   1.454514   .1369858     3.98   0.000      1.20935    1.749379
1.resp_exc~a |   1.415494   .1401678     3.51   0.000     1.165786     1.71869
             |
egfr_cat_n~s |
      30-59  |    1.17655   .1200905     1.59   0.111     .9632259    1.437118
        <30  |   2.291975   .4526981     4.20   0.000     1.556272    3.375472
             |
1.~r_disease |   1.304933   .4178441     0.83   0.406     .6966751    2.444251
             |
   obese4cat |
Obese I ..)  |    1.12525   .1316854     1.01   0.313     .8946119    1.415347
Obese II..)  |   1.368894   .2347722     1.83   0.067     .9781026    1.915822
Obese II..)  |   1.561376   .3942258     1.76   0.078     .9518991    2.561086
             |
1.hyperten~n |   1.033215   .1012557     0.33   0.739     .8526532    1.252014
1.cancer_e~r |   1.270228   .1386234     2.19   0.028     1.025623     1.57317
1.neuro_co~s |   1.740554   .1932188     4.99   0.000     1.400218    2.163612
------------------------------------------------------------------------------
                                                             Stratified by stp

. estat phtest, detail

      Test of proportional-hazards assumption

      Time:  Time
      ----------------------------------------------------------------
                  |       rho            chi2       df       Prob>chi2
      ------------+---------------------------------------------------
      0b.exposure |            .            .        1             .
      1.exposure  |     -0.00886         0.04        1         0.8366
      0b.male     |            .            .        1             .
      1.male      |     -0.08322         3.77        1         0.0522
      age1        |     -0.00167         0.00        1         0.9777
      age2        |     -0.01066         0.04        1         0.8487
      age3        |      0.02524         0.23        1         0.6322
      0b.dmard_pc |            .            .        1             .
      1.dmard_pc  |     -0.04153         0.92        1         0.3379
      0b.oral_p~ne|            .            .        1             .
      1.oral_pr~ne|     -0.04355         1.03        1         0.3111
      0b.nsaids   |            .            .        1             .
      1.nsaids    |     -0.00972         0.05        1         0.8249
      0b.chronic..|            .            .        1             .
      1.~c_disease|     -0.03722         0.77        1         0.3808
      0b.resp_ex~a|            .            .        1             .
      1.resp_exc~a|     -0.00362         0.01        1         0.9328
      1b.egfr_ca~s|            .            .        1             .
      2.egfr_cat~s|      0.06192         2.18        1         0.1399
      3.egfr_cat~s|      0.04115         0.94        1         0.3331
      0b.chronic..|            .            .        1             .
      1.~r_disease|      0.06138         2.01        1         0.1563
      1b.obese4cat|            .            .        1             .
      2.obese4cat |     -0.00160         0.00        1         0.9708
      3.obese4cat |      0.04757         1.22        1         0.2696
      4.obese4cat |     -0.02488         0.32        1         0.5701
      0b.hyperte~n|            .            .        1             .
      1.hyperten~n|     -0.05028         1.34        1         0.2466
      0b.cancer_~r|            .            .        1             .
      1.cancer_e~r|      0.00043         0.00        1         0.9920
      0b.neuro_c~s|            .            .        1             .
      1.neuro_co~s|      0.05275         1.48        1         0.2239
      ------------+---------------------------------------------------
      global test |                     24.79       19         0.1675
      ----------------------------------------------------------------

. local multivar3_p1 = round(r(phtest)[2,4],0.001)

.  
. estat phtest, plot(1.exposure) ///
>                           graphregion(fcolor(white)) ///
>                           ylabel(, nogrid labsize(small)) ///
>                           xlabel(, labsize(small)) ///
>                           xtitle("Time", size(small)) ///
>                           ytitle("Scaled Shoenfeld Residuals", size(small)) /
> //
>                           msize(small) ///
>                           mcolor(gs6) ///
>                           msymbol(circle_hollow) ///
>                           scheme(s1mono) /// 
>                           title ("Schoenfeld residuals against time, Fully Ad
> justed `lab1'", position(11) size(medsmall))                 

.                           
. graph export "$Tabfigdir/schoenplot4a.svg", as(svg) replace
(note: file E:\analyses\hydroxychloroquine-research/output/tabfig/schoenplot4a.
> svg not found)
(file E:\analyses\hydroxychloroquine-research/output/tabfig/schoenplot4a.svg wr
> itten in SVG format)

. 
. * Close window 
. graph close

. 
. * Print table of results=====================================================
> =*/        
. 
. 
. cap file close tablecontent

. file open tablecontent using $Tabfigdir/table4.txt, write text replace
(note: file E:\analyses\hydroxychloroquine-research/output/tabfig/table4.txt no
> t found)

. 
. * Column headings 
. file write tablecontent ("Table 4: Testing the PH assumption for $tableoutcom
> e") _n

. file write tablecontent _tab ("Univariable") _tab ("Age/Sex Adjusted") _tab /
> //
>                                                 ("DAG Adjusted") _tab ("Fully
>  Adjusted") _tab _n

.                                                 
. file write tablecontent _tab ("p-value") _tab ("p-value") _tab ("p-value") _t
> ab ("p-value") _tab _n

. 
. * Row heading and content  
. file write tablecontent ("`lab1'") _tab

. file write tablecontent ("`univar_p1'") _tab ("`multivar1_p1'") _tab ("`multi
> var2_p1'") _tab ("`multivar3_p1'") _n

. 
. file write tablecontent _n

. file close tablecontent

. 
. 
. * Close log file 
. log close
      name:  <unnamed>
       log:  E:\analyses\hydroxychloroquine-research/output/log\08_an_model_che
> cks.log
  log type:  text
 closed on:  15 Jul 2020, 09:42:45
-------------------------------------------------------------------------------
